// Jest Snapshot v1, https://goo.gl/fbAQLP

exports[`matches quote snapshot 1`] = `
<div
  className="calculator-page"
>
  <h1>
    Lets do some maths
  </h1>
  <div
    className="body"
  >
    <button
      className="btn-input"
      type="button"
      value="0"
    >
      0
    </button>
    <button
      onClick={[Function]}
      type="button"
      value="AC"
    >
      AC
    </button>
    <button
      onClick={[Function]}
      type="button"
      value="+/-"
    >
      +/-
    </button>
    <button
      onClick={[Function]}
      type="button"
      value="%"
    >
      %
    </button>
    <button
      className="color"
      onClick={[Function]}
      type="button"
      value="÷"
    >
      ÷
    </button>
    <button
      onClick={[Function]}
      type="button"
      value="7"
    >
      7
    </button>
    <button
      onClick={[Function]}
      type="button"
      value="8"
    >
      8
    </button>
    <button
      onClick={[Function]}
      type="button"
      value="9"
    >
      9
    </button>
    <button
      className="color"
      onClick={[Function]}
      type="button"
      value="x"
    >
      ×
    </button>
    <button
      onClick={[Function]}
      type="button"
      value="4"
    >
      4
    </button>
    <button
      onClick={[Function]}
      type="button"
      value="5"
    >
      5
    </button>
     
    <button
      onClick={[Function]}
      type="button"
      value="6"
    >
      6
    </button>
    <button
      className="color"
      onClick={[Function]}
      type="button"
      value="-"
    >
      -
    </button>
    <button
      onClick={[Function]}
      type="button"
      value="1"
    >
      1
    </button>
    <button
      onClick={[Function]}
      type="button"
      value="2"
    >
      2
    </button>
    <button
      onClick={[Function]}
      type="button"
      value="3"
    >
      3
    </button>
    <button
      className="color"
      onClick={[Function]}
      type="button"
      value="+"
    >
      +
    </button>
    <button
      className="btn-0"
      onClick={[Function]}
      type="button"
      value="0"
    >
      0
    </button>
     
    <button
      onClick={[Function]}
      type="button"
      value="."
    >
      .
    </button>
    <button
      className="color"
      onClick={[Function]}
      type="button"
      value="="
    >
      =
    </button>
  </div>
</div>
`;
